
> senjr@0.1.0 build
> next build

Γû▓ Next.js 16.2.1 (Turbopack)
- Environments: .env.local

  Creating an optimized production build ...
Γ£ô Compiled successfully in 9.8s
  Running TypeScript ...
  Finished TypeScript in 10.9s ...
  Collecting page data using 7 workers ...
  Generating static pages using 7 workers (0/14) ...
  Generating static pages using 7 workers (3/14) 
  Generating static pages using 7 workers (6/14) 
  Generating static pages using 7 workers (10/14) 
Γ£ô Generating static pages using 7 workers (14/14) in 1511ms
  Finalizing page optimization ...

Route (app)
Γöî ╞Æ /
Γö£ Γùï /_not-found
Γö£ ╞Æ /book/[mentorId]
Γö£ ╞Æ /dashboard/mentor
Γö£ ╞Æ /dashboard/student
Γö£ ╞Æ /feed
Γö£ Γùï /mentor/login
Γö£ Γùï /mentor/signup
Γö£ Γùï /mentors
Γö£ ╞Æ /mentors/[mentorId]
Γö£ Γùï /messages
Γö£ Γùï /schedule
Γö£ Γùï /student/login
Γöö Γùï /student/signup


╞Æ Proxy (Middleware)

Γùï  (Static)   prerendered as static content
╞Æ  (Dynamic)  server-rendered on demand

